/******** QUERY *********/
SELECT USER, CURRENT_USER, SESSION_USER, CURRENT_ROLE, CURRENT_SCHEMA, CURRENT_DATE, CURRENT_TIME, CURRENT_TIMESTAMP
/************************/

   user   | current_user | session_user | current_role | current_schema | current_date |     current_time      |        current_timestamp         
----------+--------------+--------------+--------------+----------------+--------------+-----------------------+----------------------------------
 postgres | postgres     | postgres     | postgres     | public         | 2025-11-12   | 11:19:13.937813+05:30 | 2025-11-12 11:19:13.937813+05:30
(1 row)

/******** QUERY *********/
ALTER ROLE medium_dot_com
WITH
NOSUPERUSER
NOCREATEDB
NOINHERIT
NOREPLICATION
NOBYPASSRLS
PASSWORD 'medium_com'
VALID UNTIL '2025-12-31 23:59:59+05:30';
/************************/

ALTER ROLE
/******** QUERY *********/
SELECT * FROM pg_catalog.pg_roles WHERE rolname = 'medium_dot_com';
/************************/

    rolname     | rolsuper | rolinherit | rolcreaterole | rolcreatedb | rolcanlogin | rolreplication | rolconnlimit | rolpassword |       rolvaliduntil       | rolbypassrls | rolconfig |  oid  
----------------+----------+------------+---------------+-------------+-------------+----------------+--------------+-------------+---------------------------+--------------+-----------+-------
 medium_dot_com | f        | f          | f             | f           | t           | f              |           -1 | ********    | 2025-12-31 23:59:59+05:30 | f            | NULL      | 16387
(1 row)

/******** QUERY *********/
ALTER ROLE medium_dot_com RENAME TO medium_com;
/************************/

ALTER ROLE
/******** QUERY *********/
SELECT * FROM pg_catalog.pg_authid WHERE rolname = 'medium_com';
/************************/

  oid  |  rolname   | rolsuper | rolinherit | rolcreaterole | rolcreatedb | rolcanlogin | rolreplication | rolbypassrls | rolconnlimit |                                                              rolpassword                                                              |       rolvaliduntil       
-------+------------+----------+------------+---------------+-------------+-------------+----------------+--------------+--------------+---------------------------------------------------------------------------------------------------------------------------------------+---------------------------
 16387 | medium_com | f        | f          | f             | f           | t           | f              | f            |           -1 | SCRAM-SHA-256$4096:ghrr0NiBF/Unl5KF/5/pVg==$WkyUQ+94/kVg6gCzyDB+oCnqzOBBsV5nEn8uo/u04j8=:19VPh7P6Z17VU30viif32PlLnBkbCE7jwPAPoihf8xg= | 2025-12-31 23:59:59+05:30
(1 row)

/******** QUERY *********/
SELECT * FROM pg_catalog.pg_database WHERE datname = 'medium_dot_com';
/************************/

  oid  |    datname     | datdba | encoding | datlocprovider | datistemplate | datallowconn | dathasloginevt | datconnlimit | datfrozenxid | datminmxid | dattablespace | datcollate  |  datctype   | datlocale | daticurules | datcollversion | datacl 
-------+----------------+--------+----------+----------------+---------------+--------------+----------------+--------------+--------------+------------+---------------+-------------+-------------+-----------+-------------+----------------+--------
 16392 | medium_dot_com |  16387 |        6 | c              | f             | t            | f              |           -1 |          744 |          1 |         16390 | en_IN.UTF-8 | en_IN.UTF-8 | NULL      | NULL        | 2.42           | NULL
(1 row)

/******** QUERY *********/
ALTER DATABASE medium_dot_com
WITH
ALLOW_CONNECTIONS true
IS_TEMPLATE false
TEMPLATE template0;
/************************/

/******** QUERY *********/
ALTER DATABASE medium_dot_com
WITH
ALLOW_CONNECTIONS true
IS_TEMPLATE false;
/************************/

ALTER DATABASE
/******** QUERY *********/
ALTER DATABASE medium_dot_com RENAME TO medium_com;
/************************/

ALTER DATABASE
/******** QUERY *********/
SELECT * FROM pg_catalog.pg_database WHERE datname = 'medium_com'
/************************/

  oid  |  datname   | datdba | encoding | datlocprovider | datistemplate | datallowconn | dathasloginevt | datconnlimit | datfrozenxid | datminmxid | dattablespace | datcollate  |  datctype   | datlocale | daticurules | datcollversion | datacl 
-------+------------+--------+----------+----------------+---------------+--------------+----------------+--------------+--------------+------------+---------------+-------------+-------------+-----------+-------------+----------------+--------
 16392 | medium_com |  16387 |        6 | c              | f             | t            | f              |           -1 |          744 |          1 |         16390 | en_IN.UTF-8 | en_IN.UTF-8 | NULL      | NULL        | 2.42           | NULL
(1 row)

/******** QUERY *********/
SELECT spcname FROM pg_catalog.pg_tablespace WHERE spcname LIKE 'medium_%'
/************************/

       spcname        
----------------------
 medium_dot_com_data
 medium_dot_com_index
(2 rows)

/******** QUERY *********/
ALTER TABLESPACE medium_dot_com_data RENAME TO medium_com_data
/************************/

ALTER TABLESPACE
/******** QUERY *********/
ALTER TABLESPACE medium_dot_com_index RENAME TO medium_com_index
/************************/

ALTER TABLESPACE
/******** QUERY *********/
SELECT spcname FROM pg_catalog.pg_tablespace WHERE spcname LIKE 'medium_%'
/************************/

     spcname      
------------------
 medium_com_data
 medium_com_index
(2 rows)

/******** QUERY *********/
CREATE TABLESPACE medium_com_temp OWNER medium_com LOCATION '/run/media/ramumsrk/ata_1_0_TiB/medium_com_temp/';
/************************/

/******** QUERY *********/
CREATE TABLESPACE medium_com_temp OWNER medium_com LOCATION '/run/media/ramumsrk/ata_1_0_TiB/pgsql/18/medium_com_temp/';
/************************/

CREATE TABLESPACE
/******** QUERY *********/
SELECT spcname FROM pg_catalog.pg_tablespace WHERE spcname LIKE 'medium_%'
/************************/

     spcname      
------------------
 medium_com_data
 medium_com_index
 medium_com_temp
(3 rows)

