/******** QUERY *********/
SELECT USER, CURRENT_USER, SESSION_USER, CURRENT_ROLE, CURRENT_SCHEMA, CURRENT_DATE, CURRENT_TIME, CURRENT_TIMESTAMP
/************************/

    user    | current_user | session_user | current_role | current_schema | current_date |     current_time      |        current_timestamp         
------------+--------------+--------------+--------------+----------------+--------------+-----------------------+----------------------------------
 medium_com | medium_com   | medium_com   | medium_com   | medium_com     | 2025-11-12   | 14:11:17.933133+05:30 | 2025-11-12 14:11:17.933133+05:30
(1 row)

/******** QUERY *********/
SHOW temp_tablespaces
/************************/

 temp_tablespaces 
------------------
 
(1 row)

/******** QUERY *********/
SET SESSION temp_tablespaces TO medium_com_temp
/************************/

SET
/******** QUERY *********/
SHOW temp_tablespaces
/************************/

 temp_tablespaces 
------------------
 medium_com_temp
(1 row)

/******** QUERY *********/
SELECT * FROM information_schema.tables WHERE table_schema = 'itsuki'
/************************/

 table_catalog | table_schema | table_name | table_type | self_referencing_column_name | reference_generation | user_defined_type_catalog | user_defined_type_schema | user_defined_type_name | is_insertable_into | is_typed | commit_action 
---------------+--------------+------------+------------+------------------------------+----------------------+---------------------------+--------------------------+------------------------+--------------------+----------+---------------
(0 rows)

/******** QUERY *********/
SELECT pg_catalog.random()
/************************/

       random        
---------------------
 0.33428925260865516
(1 row)

/******** QUERY *********/
SELECT random() AS "Return a double precision value BETWEEN 0.0 AND 0.1"
/************************/

 Return a double precision value BETWEEN 0.0 AND 0.1 
-----------------------------------------------------
                                  0.7454888891639624
(1 row)

/******** QUERY *********/
SELECT random() AS "Return a double precision value >= 0.0 AND < 1.0"
/************************/

 Return a double precision value >= 0.0 AND < 1.0 
--------------------------------------------------
                               0.8679796782982929
(1 row)

/******** QUERY *********/
SELECT * FROM priyanshu_rajput.pg_stat_statements LIMIT 1
/************************/

 userid | dbid  | toplevel |       queryid       |                                query                                 | plans | total_plan_time | min_plan_time | max_plan_time | mean_plan_time | stddev_plan_time | calls |  total_exec_time   | min_exec_time |   max_exec_time    | mean_exec_time |  stddev_exec_time   | rows | shared_blks_hit | shared_blks_read | shared_blks_dirtied | shared_blks_written | local_blks_hit | local_blks_read | local_blks_dirtied | local_blks_written | temp_blks_read | temp_blks_written | shared_blk_read_time | shared_blk_write_time | local_blk_read_time | local_blk_write_time | temp_blk_read_time | temp_blk_write_time | wal_records | wal_fpi | wal_bytes | wal_buffers_full | jit_functions | jit_generation_time | jit_inlining_count | jit_inlining_time | jit_optimization_count | jit_optimization_time | jit_emission_count | jit_emission_time | jit_deform_count | jit_deform_time | parallel_workers_to_launch | parallel_workers_launched |           stats_since            |        minmax_stats_since        
--------+-------+----------+---------------------+----------------------------------------------------------------------+-------+-----------------+---------------+---------------+----------------+------------------+-------+--------------------+---------------+--------------------+----------------+---------------------+------+-----------------+------------------+---------------------+---------------------+----------------+-----------------+--------------------+--------------------+----------------+-------------------+----------------------+-----------------------+---------------------+----------------------+--------------------+---------------------+-------------+---------+-----------+------------------+---------------+---------------------+--------------------+-------------------+------------------------+-----------------------+--------------------+-------------------+------------------+-----------------+----------------------------+---------------------------+----------------------------------+----------------------------------
  16387 | 16392 | t        | 4098178362383228795 | SELECT c.oid,                                                       +|     0 |               0 |             0 |             0 |              0 |                0 |     4 | 3.7613830000000004 |      0.546695 | 1.1028959999999999 |     0.94034575 | 0.22897420006015412 |    2 |              58 |                0 |                   0 |                   0 |              0 |               0 |                  0 |                  0 |              0 |                 0 |                    0 |                     0 |                   0 |                    0 |                  0 |                   0 |           0 |       0 |         0 |                0 |             0 |                   0 |                  0 |                 0 |                      0 |                     0 |                  0 |                 0 |                0 |               0 |                          0 |                         0 | 2025-11-12 13:13:20.479224+05:30 | 2025-11-12 13:13:20.479224+05:30
        |       |          |                     |   n.nspname,                                                        +|       |                 |               |               |                |                  |       |                    |               |                    |                |                     |      |                 |                  |                     |                     |                |                 |                    |                    |                |                   |                      |                       |                     |                      |                    |                     |             |         |           |                  |               |                     |                    |                   |                        |                       |                    |                   |                  |                 |                            |                           |                                  | 
        |       |          |                     |   c.relname                                                         +|       |                 |               |               |                |                  |       |                    |               |                    |                |                     |      |                 |                  |                     |                     |                |                 |                    |                    |                |                   |                      |                       |                     |                      |                    |                     |             |         |           |                  |               |                     |                    |                   |                        |                       |                    |                   |                  |                 |                            |                           |                                  | 
        |       |          |                     | FROM pg_catalog.pg_class c                                          +|       |                 |               |               |                |                  |       |                    |               |                    |                |                     |      |                 |                  |                     |                     |                |                 |                    |                    |                |                   |                      |                       |                     |                      |                    |                     |             |         |           |                  |               |                     |                    |                   |                        |                       |                    |                   |                  |                 |                            |                           |                                  | 
        |       |          |                     |      LEFT JOIN pg_catalog.pg_namespace n ON n.oid = c.relnamespace  +|       |                 |               |               |                |                  |       |                    |               |                    |                |                     |      |                 |                  |                     |                     |                |                 |                    |                    |                |                   |                      |                       |                     |                      |                    |                     |             |         |           |                  |               |                     |                    |                   |                        |                       |                    |                   |                  |                 |                            |                           |                                  | 
        |       |          |                     | WHERE c.relname OPERATOR(pg_catalog.~) $1 COLLATE pg_catalog.default+|       |                 |               |               |                |                  |       |                    |               |                    |                |                     |      |                 |                  |                     |                     |                |                 |                    |                    |                |                   |                      |                       |                     |                      |                    |                     |             |         |           |                  |               |                     |                    |                   |                        |                       |                    |                   |                  |                 |                            |                           |                                  | 
        |       |          |                     |   AND n.nspname OPERATOR(pg_catalog.~) $2 COLLATE pg_catalog.default+|       |                 |               |               |                |                  |       |                    |               |                    |                |                     |      |                 |                  |                     |                     |                |                 |                    |                    |                |                   |                      |                       |                     |                      |                    |                     |             |         |           |                  |               |                     |                    |                   |                        |                       |                    |                   |                  |                 |                            |                           |                                  | 
        |       |          |                     | ORDER BY 2, 3                                                        |       |                 |               |               |                |                  |       |                    |               |                    |                |                     |      |                 |                  |                     |                     |                |                 |                    |                    |                |                   |                      |                       |                     |                      |                    |                     |             |         |           |                  |               |                     |                    |                   |                        |                       |                    |                   |                  |                 |                            |                           |                                  | 
(1 row)

/******** QUERY *********/
EXPLAIN (ANALYZE true, TIMING true, SETTINGS true, VERBOSE true, BUFFERS true, MEMORY true, COSTS true, WAL true, FORMAT TEXT) SELECT random() AS "Return a double precision value >= 0.0 AND < 1.0"
/************************/

                                      QUERY PLAN                                       
---------------------------------------------------------------------------------------
 Result  (cost=0.00..0.01 rows=1 width=8) (actual time=0.006..0.007 rows=1.00 loops=1)
   Output: random()
 Query Identifier: -3956679804255315811
 Planning:
   Memory: used=6kB  allocated=8kB
 Planning Time: 0.052 ms
 Execution Time: 0.042 ms
(7 rows)

/******** QUERY *********/
SELECT * FROM priyanshu_rajput.pg_stat_statements WHERE queryid = -3956679804255315811
/************************/

 userid | dbid  | toplevel |       queryid        |           query            | plans | total_plan_time | min_plan_time | max_plan_time | mean_plan_time | stddev_plan_time | calls | total_exec_time |    min_exec_time     | max_exec_time |    mean_exec_time    |   stddev_exec_time   | rows | shared_blks_hit | shared_blks_read | shared_blks_dirtied | shared_blks_written | local_blks_hit | local_blks_read | local_blks_dirtied | local_blks_written | temp_blks_read | temp_blks_written | shared_blk_read_time | shared_blk_write_time | local_blk_read_time | local_blk_write_time | temp_blk_read_time | temp_blk_write_time | wal_records | wal_fpi | wal_bytes | wal_buffers_full | jit_functions | jit_generation_time | jit_inlining_count | jit_inlining_time | jit_optimization_count | jit_optimization_time | jit_emission_count | jit_emission_time | jit_deform_count | jit_deform_time | parallel_workers_to_launch | parallel_workers_launched |           stats_since            |        minmax_stats_since        
--------+-------+----------+----------------------+----------------------------+-------+-----------------+---------------+---------------+----------------+------------------+-------+-----------------+----------------------+---------------+----------------------+----------------------+------+-----------------+------------------+---------------------+---------------------+----------------+-----------------+--------------------+--------------------+----------------+-------------------+----------------------+-----------------------+---------------------+----------------------+--------------------+---------------------+-------------+---------+-----------+------------------+---------------+---------------------+--------------------+-------------------+------------------------+-----------------------+--------------------+-------------------+------------------+-----------------+----------------------------+---------------------------+----------------------------------+----------------------------------
  16387 | 16392 | t        | -3956679804255315811 | SELECT pg_catalog.random() |     0 |               0 |             0 |             0 |              0 |                0 |     3 |        0.082911 | 0.019004999999999998 |      0.042539 | 0.027637000000000002 | 0.010581334635416589 |    3 |               0 |                0 |                   0 |                   0 |              0 |               0 |                  0 |                  0 |              0 |                 0 |                    0 |                     0 |                   0 |                    0 |                  0 |                   0 |           0 |       0 |         0 |                0 |             0 |                   0 |                  0 |                 0 |                      0 |                     0 |                  0 |                 0 |                0 |               0 |                          0 |                         0 | 2025-11-12 14:38:22.469573+05:30 | 2025-11-12 14:38:22.469573+05:30
(1 row)

/******** QUERY *********/
SELECT * FROM priyanshu_rajput.pg_stat_statements WHERE query = 'SELECT random()'::text
/************************/

 userid | dbid | toplevel | queryid | query | plans | total_plan_time | min_plan_time | max_plan_time | mean_plan_time | stddev_plan_time | calls | total_exec_time | min_exec_time | max_exec_time | mean_exec_time | stddev_exec_time | rows | shared_blks_hit | shared_blks_read | shared_blks_dirtied | shared_blks_written | local_blks_hit | local_blks_read | local_blks_dirtied | local_blks_written | temp_blks_read | temp_blks_written | shared_blk_read_time | shared_blk_write_time | local_blk_read_time | local_blk_write_time | temp_blk_read_time | temp_blk_write_time | wal_records | wal_fpi | wal_bytes | wal_buffers_full | jit_functions | jit_generation_time | jit_inlining_count | jit_inlining_time | jit_optimization_count | jit_optimization_time | jit_emission_count | jit_emission_time | jit_deform_count | jit_deform_time | parallel_workers_to_launch | parallel_workers_launched | stats_since | minmax_stats_since 
--------+------+----------+---------+-------+-------+-----------------+---------------+---------------+----------------+------------------+-------+-----------------+---------------+---------------+----------------+------------------+------+-----------------+------------------+---------------------+---------------------+----------------+-----------------+--------------------+--------------------+----------------+-------------------+----------------------+-----------------------+---------------------+----------------------+--------------------+---------------------+-------------+---------+-----------+------------------+---------------+---------------------+--------------------+-------------------+------------------------+-----------------------+--------------------+-------------------+------------------+-----------------+----------------------------+---------------------------+-------------+--------------------
(0 rows)

/******** QUERY *********/
SELECT * FROM priyanshu_rajput.pg_stat_statements WHERE query ~ 'SELECT random()'::text
/************************/

 userid | dbid  | toplevel |       queryid       |                                                                                                query                                                                                                 | plans | total_plan_time | min_plan_time | max_plan_time | mean_plan_time | stddev_plan_time | calls | total_exec_time | min_exec_time | max_exec_time | mean_exec_time | stddev_exec_time | rows | shared_blks_hit | shared_blks_read | shared_blks_dirtied | shared_blks_written | local_blks_hit | local_blks_read | local_blks_dirtied | local_blks_written | temp_blks_read | temp_blks_written | shared_blk_read_time | shared_blk_write_time | local_blk_read_time | local_blk_write_time | temp_blk_read_time | temp_blk_write_time | wal_records | wal_fpi | wal_bytes | wal_buffers_full | jit_functions | jit_generation_time | jit_inlining_count | jit_inlining_time | jit_optimization_count | jit_optimization_time | jit_emission_count | jit_emission_time | jit_deform_count | jit_deform_time | parallel_workers_to_launch | parallel_workers_launched |           stats_since            |        minmax_stats_since        
--------+-------+----------+---------------------+------------------------------------------------------------------------------------------------------------------------------------------------------------------------------------------------------+-------+-----------------+---------------+---------------+----------------+------------------+-------+-----------------+---------------+---------------+----------------+------------------+------+-----------------+------------------+---------------------+---------------------+----------------+-----------------+--------------------+--------------------+----------------+-------------------+----------------------+-----------------------+---------------------+----------------------+--------------------+---------------------+-------------+---------+-----------+------------------+---------------+---------------------+--------------------+-------------------+------------------------+-----------------------+--------------------+-------------------+------------------+-----------------+----------------------------+---------------------------+----------------------------------+----------------------------------
  16387 | 16392 | t        | 4991214805472394373 | EXPLAIN (ANALYZE true, TIMING true, SETTINGS true, VERBOSE true, BUFFERS true, MEMORY true, COSTS true, WAL true, FORMAT TEXT) SELECT random() AS "Return a double precision value >= 0.0 AND < 1.0" |     0 |               0 |             0 |             0 |              0 |                0 |     1 |        0.726661 |      0.726661 |      0.726661 |       0.726661 |                0 |    0 |               0 |                0 |                   0 |                   0 |              0 |               0 |                  0 |                  0 |              0 |                 0 |                    0 |                     0 |                   0 |                    0 |                  0 |                   0 |           0 |       0 |         0 |                0 |             0 |                   0 |                  0 |                 0 |                      0 |                     0 |                  0 |                 0 |                0 |               0 |                          0 |                         0 | 2025-11-12 14:44:21.739606+05:30 | 2025-11-12 14:44:21.739606+05:30
(1 row)

/******** QUERY *********/
SELECT * FROM priyanshu_rajput.pg_stat_statements WHERE query ~ 'SELECT pg_catalog.random()'::text
/************************/

 userid | dbid  | toplevel |       queryid        |           query            | plans | total_plan_time | min_plan_time | max_plan_time | mean_plan_time | stddev_plan_time | calls | total_exec_time |    min_exec_time     | max_exec_time |    mean_exec_time    |   stddev_exec_time   | rows | shared_blks_hit | shared_blks_read | shared_blks_dirtied | shared_blks_written | local_blks_hit | local_blks_read | local_blks_dirtied | local_blks_written | temp_blks_read | temp_blks_written | shared_blk_read_time | shared_blk_write_time | local_blk_read_time | local_blk_write_time | temp_blk_read_time | temp_blk_write_time | wal_records | wal_fpi | wal_bytes | wal_buffers_full | jit_functions | jit_generation_time | jit_inlining_count | jit_inlining_time | jit_optimization_count | jit_optimization_time | jit_emission_count | jit_emission_time | jit_deform_count | jit_deform_time | parallel_workers_to_launch | parallel_workers_launched |           stats_since            |        minmax_stats_since        
--------+-------+----------+----------------------+----------------------------+-------+-----------------+---------------+---------------+----------------+------------------+-------+-----------------+----------------------+---------------+----------------------+----------------------+------+-----------------+------------------+---------------------+---------------------+----------------+-----------------+--------------------+--------------------+----------------+-------------------+----------------------+-----------------------+---------------------+----------------------+--------------------+---------------------+-------------+---------+-----------+------------------+---------------+---------------------+--------------------+-------------------+------------------------+-----------------------+--------------------+-------------------+------------------+-----------------+----------------------------+---------------------------+----------------------------------+----------------------------------
  16387 | 16392 | t        | -3956679804255315811 | SELECT pg_catalog.random() |     0 |               0 |             0 |             0 |              0 |                0 |     3 |        0.082911 | 0.019004999999999998 |      0.042539 | 0.027637000000000002 | 0.010581334635416589 |    3 |               0 |                0 |                   0 |                   0 |              0 |               0 |                  0 |                  0 |              0 |                 0 |                    0 |                     0 |                   0 |                    0 |                  0 |                   0 |           0 |       0 |         0 |                0 |             0 |                   0 |                  0 |                 0 |                      0 |                     0 |                  0 |                 0 |                0 |               0 |                          0 |                         0 | 2025-11-12 14:38:22.469573+05:30 | 2025-11-12 14:38:22.469573+05:30
(1 row)

/******** QUERY *********/
CREATE TABLE IF NOT EXISTS itsuki.second_table
(
    id UUIDv7 CONSTRAINT nn_id NOT NULL,
    age SMALLINT CONSTRAINT nn_age NOT NULL,
    name TEXT CONSTRAINT nn_name NOT NULL
)
TABLESPACE medium_com_data
/************************/

/******** QUERY *********/
CREATE TABLE IF NOT EXISTS itsuki.second_table
(
    id UUID CONSTRAINT nn_id NOT NULL,
    age SMALLINT CONSTRAINT nn_age NOT NULL,
    name TEXT CONSTRAINT nn_name NOT NULL
)
TABLESPACE medium_com_data
/************************/

CREATE TABLE
                                           List of tables
 Schema |     Name     | Type  |   Owner    | Persistence | Access method |    Size    | Description 
--------+--------------+-------+------------+-------------+---------------+------------+-------------
 itsuki | second_table | table | medium_com | permanent   | heap          | 8192 bytes | 
(1 row)

                                       Table "itsuki.second_table"
 Column |   Type   | Collation | Nullable | Default | Storage  | Compression | Stats target | Description 
--------+----------+-----------+----------+---------+----------+-------------+--------------+-------------
 id     | uuid     |           | not null |         | plain    |             |              | 
 age    | smallint |           | not null |         | plain    |             |              | 
 name   | text     |           | not null |         | extended |             |              | 
Not-null constraints:
    "nn_id" NOT NULL "id"
    "nn_age" NOT NULL "age"
    "nn_name" NOT NULL "name"
Access method: heap

/******** QUERY *********/
ALTER TABLE IF EXISTS ONLY itsuki.second_table ALTER COLUMN id SET DEFAULT 0::smallint
/************************/

/******** QUERY *********/
ALTER TABLE IF EXISTS ONLY itsuki.second_table ALTER COLUMN id SET DEFAULT pg_catalog.gen_random_uuidv7()
/************************/

/******** QUERY *********/
ALTER TABLE IF EXISTS ONLY itsuki.second_table ALTER COLUMN id SET DEFAULT pg_catalog.gen_uuidv7()
/************************/

/******** QUERY *********/
ALTER TABLE IF EXISTS ONLY itsuki.second_table ALTER COLUMN id SET DEFAULT pg_catalog.uuidv7()
/************************/

ALTER TABLE
                                           List of tables
 Schema |     Name     | Type  |   Owner    | Persistence | Access method |    Size    | Description 
--------+--------------+-------+------------+-------------+---------------+------------+-------------
 itsuki | second_table | table | medium_com | permanent   | heap          | 8192 bytes | 
(1 row)

                                        Table "itsuki.second_table"
 Column |   Type   | Collation | Nullable | Default  | Storage  | Compression | Stats target | Description 
--------+----------+-----------+----------+----------+----------+-------------+--------------+-------------
 id     | uuid     |           | not null | uuidv7() | plain    |             |              | 
 age    | smallint |           | not null |          | plain    |             |              | 
 name   | text     |           | not null |          | extended |             |              | 
Not-null constraints:
    "nn_id" NOT NULL "id"
    "nn_age" NOT NULL "age"
    "nn_name" NOT NULL "name"
Access method: heap

/******** QUERY *********/
ALTER TABLE IF EXISTS ONLY itsuki.second_table ALTER COLUMN age SET DEFAULT 0::smallint
/************************/

ALTER TABLE
                                         Table "itsuki.second_table"
 Column |   Type   | Collation | Nullable |   Default   | Storage  | Compression | Stats target | Description 
--------+----------+-----------+----------+-------------+----------+-------------+--------------+-------------
 id     | uuid     |           | not null | uuidv7()    | plain    |             |              | 
 age    | smallint |           | not null | 0::smallint | plain    |             |              | 
 name   | text     |           | not null |             | extended |             |              | 
Not-null constraints:
    "nn_id" NOT NULL "id"
    "nn_age" NOT NULL "age"
    "nn_name" NOT NULL "name"
Access method: heap

/******** QUERY *********/
ALTER TABLE IF EXISTS ONLY itsuki.second_table ALTER COLUMN name SET DEFAULT ''::text
/************************/

ALTER TABLE
                                         Table "itsuki.second_table"
 Column |   Type   | Collation | Nullable |   Default   | Storage  | Compression | Stats target | Description 
--------+----------+-----------+----------+-------------+----------+-------------+--------------+-------------
 id     | uuid     |           | not null | uuidv7()    | plain    |             |              | 
 age    | smallint |           | not null | 0::smallint | plain    |             |              | 
 name   | text     |           | not null | ''::text    | extended |             |              | 
Not-null constraints:
    "nn_id" NOT NULL "id"
    "nn_age" NOT NULL "age"
    "nn_name" NOT NULL "name"
Access method: heap

/******** QUERY *********/
SELECT pg_catalog.uuidv7()
/************************/

                uuidv7                
--------------------------------------
 019a7772-e6a6-76ae-8c5f-01c4e4fa6c4b
(1 row)

