/******** QUERY *********/
EXPLAIN (ANALYZE true, SETTINGS true, VERBOSE true, TIMING true, BUFFERS true, COSTS true, MEMORY true, FORMAT TEXT, PLANNING true) SELECT VERSION()
/************************/

/******** QUERY *********/
EXPLAIN (ANALYZE true, SETTINGS true, VERBOSE true, TIMING true, BUFFERS true, COSTS true, MEMORY true, FORMAT TEXT) SELECT VERSION()
/************************/

                                       QUERY PLAN                                       
----------------------------------------------------------------------------------------
 Result  (cost=0.00..0.01 rows=1 width=32) (actual time=0.003..0.005 rows=1.00 loops=1)
   Output: version()
 Query Identifier: -86323926068950410
 Planning:
   Memory: used=6kB  allocated=8kB
 Planning Time: 0.942 ms
 Execution Time: 0.272 ms
(7 rows)

/******** QUERY *********/
SELECT * FROM priyanshu_rajput.pg_stat_statements
/************************/

 userid | dbid  | toplevel |       queryid        |                                                                 query                                                                 | plans | total_plan_time | min_plan_time | max_plan_time | mean_plan_time | stddev_plan_time | calls |  total_exec_time   |   min_exec_time    |   max_exec_time    |   mean_exec_time   | stddev_exec_time | rows | shared_blks_hit | shared_blks_read | shared_blks_dirtied | shared_blks_written | local_blks_hit | local_blks_read | local_blks_dirtied | local_blks_written | temp_blks_read | temp_blks_written | shared_blk_read_time | shared_blk_write_time | local_blk_read_time | local_blk_write_time | temp_blk_read_time | temp_blk_write_time | wal_records | wal_fpi | wal_bytes | wal_buffers_full | jit_functions | jit_generation_time | jit_inlining_count | jit_inlining_time | jit_optimization_count | jit_optimization_time | jit_emission_count | jit_emission_time | jit_deform_count | jit_deform_time | parallel_workers_to_launch | parallel_workers_launched |           stats_since            |        minmax_stats_since        
--------+-------+----------+----------------------+---------------------------------------------------------------------------------------------------------------------------------------+-------+-----------------+---------------+---------------+----------------+------------------+-------+--------------------+--------------------+--------------------+--------------------+------------------+------+-----------------+------------------+---------------------+---------------------+----------------+-----------------+--------------------+--------------------+----------------+-------------------+----------------------+-----------------------+---------------------+----------------------+--------------------+---------------------+-------------+---------+-----------+------------------+---------------+---------------------+--------------------+-------------------+------------------------+-----------------------+--------------------+-------------------+------------------+-----------------+----------------------------+---------------------------+----------------------------------+----------------------------------
     10 | 16392 | t        |                 NULL | <insufficient privilege>                                                                                                              |     0 |               0 |             0 |             0 |              0 |                0 |     1 |           0.186425 |           0.186425 |           0.186425 |           0.186425 |                0 |    0 |               0 |                0 |                   0 |                   0 |              0 |               0 |                  0 |                  0 |              0 |                 0 |                    0 |                     0 |                   0 |                    0 |                  0 |                   0 |           0 |       0 |         0 |                0 |             0 |                   0 |                  0 |                 0 |                      0 |                     0 |                  0 |                 0 |                0 |               0 |                          0 |                         0 | 2025-10-24 19:06:26.136832+05:30 | 2025-10-24 19:06:26.136832+05:30
     10 | 16392 | t        |                 NULL | <insufficient privilege>                                                                                                              |     0 |               0 |             0 |             0 |              0 |                0 |     1 | 0.5926250000000001 | 0.5926250000000001 | 0.5926250000000001 | 0.5926250000000001 |                0 |    1 |               0 |                0 |                   0 |                   0 |              0 |               0 |                  0 |                  0 |              0 |                 0 |                    0 |                     0 |                   0 |                    0 |                  0 |                   0 |           0 |       0 |         0 |                0 |             0 |                   0 |                  0 |                 0 |                      0 |                     0 |                  0 |                 0 |                0 |               0 |                          0 |                         0 | 2025-10-24 19:07:15.896467+05:30 | 2025-10-24 19:07:15.896467+05:30
  16387 | 16392 | t        | -8770087106461534919 | EXPLAIN (ANALYZE true, SETTINGS true, VERBOSE true, TIMING true, BUFFERS true, COSTS true, MEMORY true, FORMAT TEXT) SELECT VERSION() |     0 |               0 |             0 |             0 |              0 |                0 |     1 |           2.015919 |           2.015919 |           2.015919 |           2.015919 |                0 |    0 |               0 |                0 |                   0 |                   0 |              0 |               0 |                  0 |                  0 |              0 |                 0 |                    0 |                     0 |                   0 |                    0 |                  0 |                   0 |           0 |       0 |         0 |                0 |             0 |                   0 |                  0 |                 0 |                      0 |                     0 |                  0 |                 0 |                0 |               0 |                          0 |                         0 | 2025-10-24 19:51:55.800974+05:30 | 2025-10-24 19:51:55.800974+05:30
(3 rows)

/******** QUERY *********/
SELECT VERSION()
/************************/

                                                 version                                                  
----------------------------------------------------------------------------------------------------------
 PostgreSQL 18.0 on x86_64-pc-linux-gnu, compiled by gcc (GCC) 15.2.1 20250808 (Red Hat 15.2.1-1), 64-bit
(1 row)

/******** QUERY *********/
CREATE SCHEMA IF NOT EXISTS tomasz_gintowt AUTHORIZATION medium_dot_com
/************************/

CREATE SCHEMA
/******** QUERY *********/
SELECT CURRENT_SCHEMA
/************************/

 current_schema 
----------------
 public
(1 row)

/******** QUERY *********/
SHOW search_path
/************************/

   search_path   
-----------------
 "$user", public
(1 row)

