/******** QUERY *********/
SELECT USER, CURRENT_USER, SESSION_USER, CURRENT_DATE, CURRENT_TIME, CURRENT_TIMESTAMP
/************************/

      user      |  current_user  |  session_user  | current_date |     current_time      |        current_timestamp         
----------------+----------------+----------------+--------------+-----------------------+----------------------------------
 medium_dot_com | medium_dot_com | medium_dot_com | 2025-10-24   | 18:41:05.431507+05:30 | 2025-10-24 18:41:05.431507+05:30
(1 row)

/******** QUERY *********/
SELECT USER, CURRENT_USER, SESSION_USER, CURRENT_DATE, CURRENT_TIME, CURRENT_TIMESTAMP, CURRENT_SCHEMA
/************************/

      user      |  current_user  |  session_user  | current_date |     current_time     |        current_timestamp        | current_schema 
----------------+----------------+----------------+--------------+----------------------+---------------------------------+----------------
 medium_dot_com | medium_dot_com | medium_dot_com | 2025-10-24   | 18:41:27.23335+05:30 | 2025-10-24 18:41:27.23335+05:30 | public
(1 row)

/******** QUERY *********/
SET search_path = priyanshu_rajput
/************************/

SET
/******** QUERY *********/
SELECT CURRENT_SCHEMA
/************************/

  current_schema  
------------------
 priyanshu_rajput
(1 row)

/******** QUERY *********/
pg_stat_statements
/************************/

                       View "priyanshu_rajput.pg_stat_statements"
           Column           |           Type           | Collation | Nullable | Default 
----------------------------+--------------------------+-----------+----------+---------
 userid                     | oid                      |           |          | 
 dbid                       | oid                      |           |          | 
 toplevel                   | boolean                  |           |          | 
 queryid                    | bigint                   |           |          | 
 query                      | text                     |           |          | 
 plans                      | bigint                   |           |          | 
 total_plan_time            | double precision         |           |          | 
 min_plan_time              | double precision         |           |          | 
 max_plan_time              | double precision         |           |          | 
 mean_plan_time             | double precision         |           |          | 
 stddev_plan_time           | double precision         |           |          | 
 calls                      | bigint                   |           |          | 
 total_exec_time            | double precision         |           |          | 
 min_exec_time              | double precision         |           |          | 
 max_exec_time              | double precision         |           |          | 
 mean_exec_time             | double precision         |           |          | 
 stddev_exec_time           | double precision         |           |          | 
 rows                       | bigint                   |           |          | 
 shared_blks_hit            | bigint                   |           |          | 
 shared_blks_read           | bigint                   |           |          | 
 shared_blks_dirtied        | bigint                   |           |          | 
 shared_blks_written        | bigint                   |           |          | 
 local_blks_hit             | bigint                   |           |          | 
 local_blks_read            | bigint                   |           |          | 
 local_blks_dirtied         | bigint                   |           |          | 
 local_blks_written         | bigint                   |           |          | 
 temp_blks_read             | bigint                   |           |          | 
 temp_blks_written          | bigint                   |           |          | 
 shared_blk_read_time       | double precision         |           |          | 
 shared_blk_write_time      | double precision         |           |          | 
 local_blk_read_time        | double precision         |           |          | 
 local_blk_write_time       | double precision         |           |          | 
 temp_blk_read_time         | double precision         |           |          | 
 temp_blk_write_time        | double precision         |           |          | 
 wal_records                | bigint                   |           |          | 
 wal_fpi                    | bigint                   |           |          | 
 wal_bytes                  | numeric                  |           |          | 
 wal_buffers_full           | bigint                   |           |          | 
 jit_functions              | bigint                   |           |          | 
 jit_generation_time        | double precision         |           |          | 
 jit_inlining_count         | bigint                   |           |          | 
 jit_inlining_time          | double precision         |           |          | 
 jit_optimization_count     | bigint                   |           |          | 
 jit_optimization_time      | double precision         |           |          | 
 jit_emission_count         | bigint                   |           |          | 
 jit_emission_time          | double precision         |           |          | 
 jit_deform_count           | bigint                   |           |          | 
 jit_deform_time            | double precision         |           |          | 
 parallel_workers_to_launch | bigint                   |           |          | 
 parallel_workers_launched  | bigint                   |           |          | 
 stats_since                | timestamp with time zone |           |          | 
 minmax_stats_since         | timestamp with time zone |           |          | 

                                                        List of installed extensions
        Name        | Version | Default version |      Schema      |                              Description                               
--------------------+---------+-----------------+------------------+------------------------------------------------------------------------
 pg_stat_statements | 1.12    | 1.12            | priyanshu_rajput | track planning and execution statistics of all SQL statements executed
(1 row)

/******** QUERY *********/
SELECT * FROM pg_stat_statements
/************************/

/******** QUERY *********/
SELECT * FROM priyanshu_rajput.pg_stat_statements
/************************/

/******** QUERY *********/
SHOW shared_preload_libraries
/************************/

