/******** QUERY *********/
SELECT USER, CURRENT_USER, SESSION_USER, CURRENT_SCHEMA, CURRENT_DATE, CURRENT_TIME, CURRENT_TIMESTAMP
/************************/

   user   | current_user | session_user | current_schema | current_date |     current_time      |        current_timestamp         
----------+--------------+--------------+----------------+--------------+-----------------------+----------------------------------
 postgres | postgres     | postgres     | public         | 2025-10-24   | 18:49:56.006328+05:30 | 2025-10-24 18:49:56.006328+05:30
(1 row)

/******** QUERY *********/
SHOW shared_preload_libraries
/************************/

 shared_preload_libraries 
--------------------------
 
(1 row)

/******** QUERY *********/
SELECT * FROM priyanshu_rajput.pg_stat_statements
/************************/

/******** QUERY *********/
SET SESSION shared_preload_libraries TO 'pg_stat_statements'
/************************/

/******** QUERY *********/
SHOW shared_preload_libraries
/************************/

 shared_preload_libraries 
--------------------------
 
(1 row)

